// Jest Snapshot v1, https://goo.gl/fbAQLP

exports[`PaginationContainer styles When actual page is diferrent that first and last page should render with default styles 1`] = `
<Container>
  <NavigationButton
    disabled={false}
    flat={false}
    href={null}
    onClick={[Function]}
    plain={true}
    primary={false}
    secondary={false}
    size="mega"
    stretch={false}
    target={null}
  />
  Children Element
  <NavigationButton
    disabled={false}
    flat={false}
    href={null}
    onClick={[Function]}
    plain={true}
    primary={false}
    secondary={false}
    size="mega"
    stretch={false}
    target={null}
  />
</Container>
`;

exports[`PaginationContainer styles When the actual page is 1 should render with default styles 1`] = `
<Container>
  Children Element
  <NavigationButton
    disabled={false}
    flat={false}
    href={null}
    onClick={[Function]}
    plain={true}
    primary={false}
    secondary={false}
    size="mega"
    stretch={false}
    target={null}
  />
</Container>
`;

exports[`PaginationContainer styles When the actual page is equal the last page should render with default styles 1`] = `
<Container>
  <NavigationButton
    disabled={false}
    flat={false}
    href={null}
    onClick={[Function]}
    plain={true}
    primary={false}
    secondary={false}
    size="mega"
    stretch={false}
    target={null}
  />
  Children Element
</Container>
`;
